------------------------------------------------------------
Timing Analyzer Summary
------------------------------------------------------------

Type  : Slow 1200mV 85C Model Setup 'clk'
Slack : -16.939
TNS   : -867.885

Type  : Slow 1200mV 85C Model Hold 'clk'
Slack : 0.385
TNS   : 0.000

Type  : Slow 1200mV 85C Model Recovery 'clk'
Slack : 14.086
TNS   : 0.000

Type  : Slow 1200mV 85C Model Removal 'clk'
Slack : 2.770
TNS   : 0.000

Type  : Slow 1200mV 85C Model Minimum Pulse Width 'clk'
Slack : 9.747
TNS   : 0.000

Type  : Slow 1200mV 0C Model Setup 'clk'
Slack : -13.715
TNS   : -696.672

Type  : Slow 1200mV 0C Model Hold 'clk'
Slack : 0.338
TNS   : 0.000

Type  : Slow 1200mV 0C Model Recovery 'clk'
Slack : 14.507
TNS   : 0.000

Type  : Slow 1200mV 0C Model Removal 'clk'
Slack : 2.621
TNS   : 0.000

Type  : Slow 1200mV 0C Model Minimum Pulse Width 'clk'
Slack : 9.777
TNS   : 0.000

Type  : Fast 1200mV 0C Model Setup 'clk'
Slack : 0.350
TNS   : 0.000

Type  : Fast 1200mV 0C Model Hold 'clk'
Slack : 0.174
TNS   : 0.000

Type  : Fast 1200mV 0C Model Recovery 'clk'
Slack : 15.125
TNS   : 0.000

Type  : Fast 1200mV 0C Model Removal 'clk'
Slack : 2.373
TNS   : 0.000

Type  : Fast 1200mV 0C Model Minimum Pulse Width 'clk'
Slack : 9.411
TNS   : 0.000

------------------------------------------------------------
